{"lines":["","----","","","can you add \"great\" before \"string\" in @diff-test.txt?","","[diff-test.txt](diff-test.txt)","","----","","","**  edit** `diff-test.txt`","","```txt"," this is a string"," this is a great string","","```","","**󰻛  Created Snapshot** `1f593f7e`","","----","",""],"timestamp":1761108013,"actions":[{"type":"diff_revert_selected_file","key":"R","text":"[R]evert file","args":["1f593f7ed419c95d3995f8ef4b98d4e571c3a492"],"range":{"from":20,"to":20},"display_line":20},{"type":"diff_revert_all","key":"A","text":"Revert [A]ll","args":["1f593f7ed419c95d3995f8ef4b98d4e571c3a492"],"range":{"from":20,"to":20},"display_line":20},{"type":"diff_open","key":"D","text":"[D]iff","args":["1f593f7ed419c95d3995f8ef4b98d4e571c3a492"],"range":{"from":20,"to":20},"display_line":20}],"extmarks":[[1,2,0,{"virt_text_hide":false,"virt_text_pos":"win_col","virt_text_repeat_linebreak":false,"virt_text":[["▌󰭻 ","OpencodeMessageRoleUser"],[" "],["USER","OpencodeMessageRoleUser"],["","OpencodeHint"],[" (2025-10-12 06:42:56)","OpencodeHint"],[" [msg_9d7287269001C5gRusYfX7A1w1]","OpencodeHint"]],"priority":10,"right_gravity":true,"ns_id":3,"virt_text_win_col":-3}],[2,3,0,{"virt_text_hide":false,"virt_text_pos":"win_col","virt_text_repeat_linebreak":true,"virt_text":[["▌","OpencodeMessageRoleUser"]],"priority":4096,"right_gravity":true,"ns_id":3,"virt_text_win_col":-3}],[3,4,0,{"virt_text_hide":false,"virt_text_pos":"win_col","virt_text_repeat_linebreak":true,"virt_text":[["▌","OpencodeMessageRoleUser"]],"priority":4096,"right_gravity":true,"ns_id":3,"virt_text_win_col":-3}],[4,4,39,{"end_row":4,"ns_id":3,"hl_group":"OpencodeMention","end_col":53,"priority":1000,"hl_eol":false,"right_gravity":true,"end_right_gravity":false}],[5,5,0,{"virt_text_hide":false,"virt_text_pos":"win_col","virt_text_repeat_linebreak":true,"virt_text":[["▌","OpencodeMessageRoleUser"]],"priority":4096,"right_gravity":true,"ns_id":3,"virt_text_win_col":-3}],[6,6,0,{"virt_text_hide":false,"virt_text_pos":"win_col","virt_text_repeat_linebreak":true,"virt_text":[["▌","OpencodeMessageRoleUser"]],"priority":4096,"right_gravity":true,"ns_id":3,"virt_text_win_col":-3}],[7,9,0,{"virt_text_hide":false,"virt_text_pos":"win_col","virt_text_repeat_linebreak":false,"virt_text":[[" ","OpencodeMessageRoleAssistant"],[" "],["BUILD","OpencodeMessageRoleAssistant"],[" claude-sonnet-4.5","OpencodeHint"],[" (2025-10-12 06:42:56)","OpencodeHint"],[" [msg_9d7287287001HVwpPaH7WkRVdN]","OpencodeHint"]],"priority":10,"right_gravity":true,"ns_id":3,"virt_text_win_col":-3}],[8,11,0,{"virt_text_hide":false,"virt_text_pos":"win_col","virt_text_repeat_linebreak":true,"virt_text":[["▌","OpencodeToolBorder"]],"priority":4096,"right_gravity":true,"ns_id":3,"virt_text_win_col":-1}],[9,12,0,{"virt_text_hide":false,"virt_text_pos":"win_col","virt_text_repeat_linebreak":true,"virt_text":[["▌","OpencodeToolBorder"]],"priority":4096,"right_gravity":true,"ns_id":3,"virt_text_win_col":-1}],[10,13,0,{"virt_text_hide":false,"virt_text_pos":"win_col","virt_text_repeat_linebreak":true,"virt_text":[["▌","OpencodeToolBorder"]],"priority":4096,"right_gravity":true,"ns_id":3,"virt_text_win_col":-1}],[11,14,0,{"end_col":0,"end_row":15,"hl_group":"OpencodeDiffDelete","right_gravity":true,"end_right_gravity":false,"virt_text_hide":false,"virt_text_pos":"overlay","virt_text_repeat_linebreak":false,"virt_text":[["-","OpencodeDiffDelete"]],"priority":5000,"ns_id":3,"hl_eol":true}],[12,14,0,{"virt_text_hide":false,"virt_text_pos":"win_col","virt_text_repeat_linebreak":true,"virt_text":[["▌","OpencodeToolBorder"]],"priority":4096,"right_gravity":true,"ns_id":3,"virt_text_win_col":-1}],[13,15,0,{"end_col":0,"end_row":16,"hl_group":"OpencodeDiffAdd","right_gravity":true,"end_right_gravity":false,"virt_text_hide":false,"virt_text_pos":"overlay","virt_text_repeat_linebreak":false,"virt_text":[["+","OpencodeDiffAdd"]],"priority":5000,"ns_id":3,"hl_eol":true}],[14,15,0,{"virt_text_hide":false,"virt_text_pos":"win_col","virt_text_repeat_linebreak":true,"virt_text":[["▌","OpencodeToolBorder"]],"priority":4096,"right_gravity":true,"ns_id":3,"virt_text_win_col":-1}],[15,16,0,{"virt_text_hide":false,"virt_text_pos":"win_col","virt_text_repeat_linebreak":true,"virt_text":[["▌","OpencodeToolBorder"]],"priority":4096,"right_gravity":true,"ns_id":3,"virt_text_win_col":-1}],[16,17,0,{"virt_text_hide":false,"virt_text_pos":"win_col","virt_text_repeat_linebreak":true,"virt_text":[["▌","OpencodeToolBorder"]],"priority":4096,"right_gravity":true,"ns_id":3,"virt_text_win_col":-1}],[17,22,0,{"virt_text_hide":false,"virt_text_pos":"win_col","virt_text_repeat_linebreak":false,"virt_text":[[" ","OpencodeMessageRoleAssistant"],[" "],["BUILD","OpencodeMessageRoleAssistant"],[" claude-sonnet-4.5","OpencodeHint"],[" (2025-10-12 06:43:03)","OpencodeHint"],[" [msg_9d7288f2f001hW6NqqhtBc72UU]","OpencodeHint"]],"priority":10,"right_gravity":true,"ns_id":3,"virt_text_win_col":-3}]]}