{"extmarks":[[1,2,0,{"virt_text":[["▌󰭻 ","OpencodeMessageRoleUser"],[" "],["USER","OpencodeMessageRoleUser"],["","OpencodeHint"],[" (2025-10-12 23:38:21)","OpencodeHint"],[" [msg_9daca16bf0017x95VD45mw3k8Q]","OpencodeHint"]],"virt_text_pos":"win_col","virt_text_repeat_linebreak":false,"virt_text_win_col":-3,"priority":10,"virt_text_hide":false,"right_gravity":true,"ns_id":3}],[2,3,0,{"virt_text":[["▌","OpencodeMessageRoleUser"]],"virt_text_pos":"win_col","virt_text_repeat_linebreak":true,"virt_text_win_col":-3,"priority":4096,"virt_text_hide":false,"right_gravity":true,"ns_id":3}],[3,4,0,{"virt_text":[["▌","OpencodeMessageRoleUser"]],"virt_text_pos":"win_col","virt_text_repeat_linebreak":true,"virt_text_win_col":-3,"priority":4096,"virt_text_hide":false,"right_gravity":true,"ns_id":3}],[4,4,5,{"ns_id":3,"end_row":4,"hl_group":"OpencodeMention","end_col":44,"priority":1000,"hl_eol":false,"right_gravity":true,"end_right_gravity":false}],[5,5,0,{"virt_text":[["▌","OpencodeMessageRoleUser"]],"virt_text_pos":"win_col","virt_text_repeat_linebreak":true,"virt_text_win_col":-3,"priority":4096,"virt_text_hide":false,"right_gravity":true,"ns_id":3}],[6,6,0,{"virt_text":[["▌","OpencodeMessageRoleUser"]],"virt_text_pos":"win_col","virt_text_repeat_linebreak":true,"virt_text_win_col":-3,"priority":4096,"virt_text_hide":false,"right_gravity":true,"ns_id":3}],[7,6,23,{"ns_id":3,"end_row":6,"hl_group":"OpencodeMention","end_col":48,"priority":1000,"hl_eol":false,"right_gravity":true,"end_right_gravity":false}],[8,7,0,{"virt_text":[["▌","OpencodeMessageRoleUser"]],"virt_text_pos":"win_col","virt_text_repeat_linebreak":true,"virt_text_win_col":-3,"priority":4096,"virt_text_hide":false,"right_gravity":true,"ns_id":3}],[9,8,0,{"virt_text":[["▌","OpencodeMessageRoleUser"]],"virt_text_pos":"win_col","virt_text_repeat_linebreak":true,"virt_text_win_col":-3,"priority":4096,"virt_text_hide":false,"right_gravity":true,"ns_id":3}],[10,9,0,{"virt_text":[["▌","OpencodeMessageRoleUser"]],"virt_text_pos":"win_col","virt_text_repeat_linebreak":true,"virt_text_win_col":-3,"priority":4096,"virt_text_hide":false,"right_gravity":true,"ns_id":3}],[11,10,0,{"virt_text":[["▌","OpencodeMessageRoleUser"]],"virt_text_pos":"win_col","virt_text_repeat_linebreak":true,"virt_text_win_col":-3,"priority":4096,"virt_text_hide":false,"right_gravity":true,"ns_id":3}],[12,11,0,{"virt_text":[["▌","OpencodeMessageRoleUser"]],"virt_text_pos":"win_col","virt_text_repeat_linebreak":true,"virt_text_win_col":-3,"priority":4096,"virt_text_hide":false,"right_gravity":true,"ns_id":3}],[13,12,0,{"virt_text":[["▌","OpencodeMessageRoleUser"]],"virt_text_pos":"win_col","virt_text_repeat_linebreak":true,"virt_text_win_col":-3,"priority":4096,"virt_text_hide":false,"right_gravity":true,"ns_id":3}],[14,13,0,{"virt_text":[["▌","OpencodeMessageRoleUser"]],"virt_text_pos":"win_col","virt_text_repeat_linebreak":true,"virt_text_win_col":-3,"priority":4096,"virt_text_hide":false,"right_gravity":true,"ns_id":3}],[15,14,0,{"virt_text":[["▌","OpencodeMessageRoleUser"]],"virt_text_pos":"win_col","virt_text_repeat_linebreak":true,"virt_text_win_col":-3,"priority":4096,"virt_text_hide":false,"right_gravity":true,"ns_id":3}],[16,15,0,{"virt_text":[["▌","OpencodeMessageRoleUser"]],"virt_text_pos":"win_col","virt_text_repeat_linebreak":true,"virt_text_win_col":-3,"priority":4096,"virt_text_hide":false,"right_gravity":true,"ns_id":3}],[17,16,0,{"virt_text":[["▌","OpencodeMessageRoleUser"]],"virt_text_pos":"win_col","virt_text_repeat_linebreak":true,"virt_text_win_col":-3,"priority":4096,"virt_text_hide":false,"right_gravity":true,"ns_id":3}],[18,17,0,{"virt_text":[["▌","OpencodeMessageRoleUser"]],"virt_text_pos":"win_col","virt_text_repeat_linebreak":true,"virt_text_win_col":-3,"priority":4096,"virt_text_hide":false,"right_gravity":true,"ns_id":3}],[19,18,0,{"virt_text":[["▌","OpencodeMessageRoleUser"]],"virt_text_pos":"win_col","virt_text_repeat_linebreak":true,"virt_text_win_col":-3,"priority":4096,"virt_text_hide":false,"right_gravity":true,"ns_id":3}],[20,19,0,{"virt_text":[["▌","OpencodeMessageRoleUser"]],"virt_text_pos":"win_col","virt_text_repeat_linebreak":true,"virt_text_win_col":-3,"priority":4096,"virt_text_hide":false,"right_gravity":true,"ns_id":3}],[21,20,0,{"virt_text":[["▌","OpencodeMessageRoleUser"]],"virt_text_pos":"win_col","virt_text_repeat_linebreak":true,"virt_text_win_col":-3,"priority":4096,"virt_text_hide":false,"right_gravity":true,"ns_id":3}],[22,21,0,{"virt_text":[["▌","OpencodeMessageRoleUser"]],"virt_text_pos":"win_col","virt_text_repeat_linebreak":true,"virt_text_win_col":-3,"priority":4096,"virt_text_hide":false,"right_gravity":true,"ns_id":3}],[23,22,0,{"virt_text":[["▌","OpencodeMessageRoleUser"]],"virt_text_pos":"win_col","virt_text_repeat_linebreak":true,"virt_text_win_col":-3,"priority":4096,"virt_text_hide":false,"right_gravity":true,"ns_id":3}]],"lines":["","----","","","when @lua/opencode/ui/streaming_renderer.lua renders a diff, only the first character, the + has the extmark. the rest of the line doesn't seem to have the highlight?","","here's an example from @tests/data/planning.json","","**  edit** `diff-test.txt`","","```txt","-this is a string","+this is a great string","","```","","the - and the + are highlighted in the right color but none of the text is. any ideas?","","[lua/opencode/ui/streaming_renderer.lua](lua/opencode/ui/streaming_renderer.lua)","","[tests/data/planning.json](tests/data/planning.json)","","[lua/opencode/ui/session_formatter.lua](lua/opencode/ui/session_formatter.lua)",""],"timestamp":1761108491,"actions":[]}