{"extmarks":[[1,2,0,{"virt_text":[["▌󰭻 ","OpencodeMessageRoleUser"],[" "],["USER","OpencodeMessageRoleUser"],["","OpencodeHint"],[" (2025-10-09 08:53:21)","OpencodeHint"],[" [msg_001]","OpencodeHint"]],"right_gravity":true,"ns_id":3,"virt_text_hide":false,"virt_text_win_col":-3,"virt_text_repeat_linebreak":false,"virt_text_pos":"win_col","priority":10}],[2,3,0,{"virt_text":[["▌","OpencodeMessageRoleUser"]],"right_gravity":true,"ns_id":3,"virt_text_hide":false,"virt_text_win_col":-3,"virt_text_repeat_linebreak":true,"virt_text_pos":"win_col","priority":4096}],[3,4,0,{"virt_text":[["▌","OpencodeMessageRoleUser"]],"right_gravity":true,"ns_id":3,"virt_text_hide":false,"virt_text_win_col":-3,"virt_text_repeat_linebreak":true,"virt_text_pos":"win_col","priority":4096}],[4,5,0,{"virt_text":[["▌","OpencodeMessageRoleUser"]],"right_gravity":true,"ns_id":3,"virt_text_hide":false,"virt_text_win_col":-3,"virt_text_repeat_linebreak":true,"virt_text_pos":"win_col","priority":4096}],[5,6,0,{"virt_text":[["▌","OpencodeMessageRoleUser"]],"right_gravity":true,"ns_id":3,"virt_text_hide":false,"virt_text_win_col":-3,"virt_text_repeat_linebreak":true,"virt_text_pos":"win_col","priority":4096}],[6,7,0,{"virt_text":[["▌","OpencodeMessageRoleUser"]],"right_gravity":true,"ns_id":3,"virt_text_hide":false,"virt_text_win_col":-3,"virt_text_repeat_linebreak":true,"virt_text_pos":"win_col","priority":4096}],[7,8,0,{"virt_text":[["▌","OpencodeMessageRoleUser"]],"right_gravity":true,"ns_id":3,"virt_text_hide":false,"virt_text_win_col":-3,"virt_text_repeat_linebreak":true,"virt_text_pos":"win_col","priority":4096}],[8,9,0,{"virt_text":[["▌","OpencodeMessageRoleUser"]],"right_gravity":true,"ns_id":3,"virt_text_hide":false,"virt_text_win_col":-3,"virt_text_repeat_linebreak":true,"virt_text_pos":"win_col","priority":4096}],[9,10,0,{"virt_text":[["▌","OpencodeMessageRoleUser"]],"right_gravity":true,"ns_id":3,"virt_text_hide":false,"virt_text_win_col":-3,"virt_text_repeat_linebreak":true,"virt_text_pos":"win_col","priority":4096}],[10,13,0,{"virt_text":[[" ","OpencodeMessageRoleAssistant"],[" "],["BUILD","OpencodeMessageRoleAssistant"],["","OpencodeHint"],[" (2025-10-09 08:53:22)","OpencodeHint"],[" [msg_002]","OpencodeHint"]],"right_gravity":true,"ns_id":3,"virt_text_hide":false,"virt_text_win_col":-3,"virt_text_repeat_linebreak":false,"virt_text_pos":"win_col","priority":10}],[11,22,0,{"virt_text":[[" ","OpencodeMessageRoleAssistant"],[" "],["BUILD","OpencodeMessageRoleAssistant"],["","OpencodeHint"],[" (2025-10-09 08:53:24)","OpencodeHint"],[" [msg_004]","OpencodeHint"]],"right_gravity":true,"ns_id":3,"virt_text_hide":false,"virt_text_win_col":-3,"virt_text_repeat_linebreak":false,"virt_text_pos":"win_col","priority":10}]],"lines":["","----","","","Message 1, Part 1","","Message 1, Part 2","","Message 1, Part 4","","Message 1, Part 5","","----","","","Message 2, Part 2","","Message 2, Part 3","","Message 2, Part 4","","----","","","Message 4, Part 1","","Message 4, Part 5",""],"timestamp":1760743322}