{"lines":["","----","","","add a file, test.txt, with \":)\" in it","","----","","","**  write** `test.txt`","","```txt",":)","```","","**󰻛  Created Snapshot** `c78fb2dd`","","----","",""],"actions":[{"display_line":16,"text":"[R]evert file","args":["c78fb2dd2d533cfe530692cc3e3c8f92a0e4af1d"],"key":"R","type":"diff_revert_selected_file","range":{"from":16,"to":16}},{"display_line":16,"text":"Revert [A]ll","args":["c78fb2dd2d533cfe530692cc3e3c8f92a0e4af1d"],"key":"A","type":"diff_revert_all","range":{"from":16,"to":16}},{"display_line":16,"text":"[D]iff","args":["c78fb2dd2d533cfe530692cc3e3c8f92a0e4af1d"],"key":"D","type":"diff_open","range":{"from":16,"to":16}}],"extmarks":[[1,2,0,{"virt_text_hide":false,"virt_text_win_col":-3,"ns_id":3,"priority":10,"virt_text":[["▌󰭻 ","OpencodeMessageRoleUser"],[" "],["USER","OpencodeMessageRoleUser"],["","OpencodeHint"],[" (2025-10-12 05:43:49)","OpencodeHint"],[" [msg_9d6f253910015UFmkGkiWtUsRW]","OpencodeHint"]],"virt_text_repeat_linebreak":false,"right_gravity":true,"virt_text_pos":"win_col"}],[2,3,0,{"virt_text_hide":false,"virt_text_win_col":-3,"ns_id":3,"priority":4096,"virt_text":[["▌","OpencodeMessageRoleUser"]],"virt_text_repeat_linebreak":true,"right_gravity":true,"virt_text_pos":"win_col"}],[3,4,0,{"virt_text_hide":false,"virt_text_win_col":-3,"ns_id":3,"priority":4096,"virt_text":[["▌","OpencodeMessageRoleUser"]],"virt_text_repeat_linebreak":true,"right_gravity":true,"virt_text_pos":"win_col"}],[4,7,0,{"virt_text_hide":false,"virt_text_win_col":-3,"ns_id":3,"priority":10,"virt_text":[[" ","OpencodeMessageRoleAssistant"],[" "],["BUILD","OpencodeMessageRoleAssistant"],[" claude-sonnet-4.5","OpencodeHint"],[" (2025-10-12 05:43:49)","OpencodeHint"],[" [msg_9d6f253df001TjqxW12FAjGf5s]","OpencodeHint"]],"virt_text_repeat_linebreak":false,"right_gravity":true,"virt_text_pos":"win_col"}],[5,9,0,{"virt_text_hide":false,"virt_text_win_col":-1,"ns_id":3,"priority":4096,"virt_text":[["▌","OpencodeToolBorder"]],"virt_text_repeat_linebreak":true,"right_gravity":true,"virt_text_pos":"win_col"}],[6,10,0,{"virt_text_hide":false,"virt_text_win_col":-1,"ns_id":3,"priority":4096,"virt_text":[["▌","OpencodeToolBorder"]],"virt_text_repeat_linebreak":true,"right_gravity":true,"virt_text_pos":"win_col"}],[7,11,0,{"virt_text_hide":false,"virt_text_win_col":-1,"ns_id":3,"priority":4096,"virt_text":[["▌","OpencodeToolBorder"]],"virt_text_repeat_linebreak":true,"right_gravity":true,"virt_text_pos":"win_col"}],[8,12,0,{"virt_text_hide":false,"virt_text_win_col":-1,"ns_id":3,"priority":4096,"virt_text":[["▌","OpencodeToolBorder"]],"virt_text_repeat_linebreak":true,"right_gravity":true,"virt_text_pos":"win_col"}],[9,13,0,{"virt_text_hide":false,"virt_text_win_col":-1,"ns_id":3,"priority":4096,"virt_text":[["▌","OpencodeToolBorder"]],"virt_text_repeat_linebreak":true,"right_gravity":true,"virt_text_pos":"win_col"}],[10,18,0,{"virt_text_hide":false,"virt_text_win_col":-3,"ns_id":3,"priority":10,"virt_text":[[" ","OpencodeMessageRoleAssistant"],[" "],["BUILD","OpencodeMessageRoleAssistant"],[" claude-sonnet-4.5","OpencodeHint"],[" (2025-10-12 05:44:00)","OpencodeHint"],[" [msg_9d6f27f4800103Tp3N6i6JW53p]","OpencodeHint"]],"virt_text_repeat_linebreak":false,"right_gravity":true,"virt_text_pos":"win_col"}]],"timestamp":1760658430}