{"extmarks":[[1,2,0,{"virt_text":[["▌󰭻 ","OpencodeMessageRoleUser"],[" "],["USER","OpencodeMessageRoleUser"],["","OpencodeHint"],[" (2025-10-11 17:41:45)","OpencodeHint"],[" [msg_9d45d40c9001s7A1sP3Ew537QN]","OpencodeHint"]],"virt_text_repeat_linebreak":false,"virt_text_pos":"win_col","ns_id":3,"right_gravity":true,"virt_text_win_col":-3,"priority":10,"virt_text_hide":false}],[2,3,0,{"virt_text":[["▌","OpencodeMessageRoleUser"]],"virt_text_repeat_linebreak":true,"virt_text_pos":"win_col","ns_id":3,"right_gravity":true,"virt_text_win_col":-3,"priority":4096,"virt_text_hide":false}],[3,4,0,{"virt_text":[["▌","OpencodeMessageRoleUser"]],"virt_text_repeat_linebreak":true,"virt_text_pos":"win_col","ns_id":3,"right_gravity":true,"virt_text_win_col":-3,"priority":4096,"virt_text_hide":false}],[4,5,0,{"virt_text":[["▌","OpencodeMessageRoleUser"]],"virt_text_repeat_linebreak":true,"virt_text_pos":"win_col","ns_id":3,"right_gravity":true,"virt_text_win_col":-3,"priority":4096,"virt_text_hide":false}],[5,6,0,{"virt_text":[["▌","OpencodeMessageRoleUser"]],"virt_text_repeat_linebreak":true,"virt_text_pos":"win_col","ns_id":3,"right_gravity":true,"virt_text_win_col":-3,"priority":4096,"virt_text_hide":false}],[6,9,0,{"virt_text":[[" ","OpencodeMessageRoleAssistant"],[" "],["PLAN","OpencodeMessageRoleAssistant"],[" claude-sonnet-4","OpencodeHint"],[" (2025-10-11 17:41:45)","OpencodeHint"],[" [msg_9d45d411b00254Lm5jVRwAeQxT]","OpencodeHint"]],"virt_text_repeat_linebreak":false,"virt_text_pos":"win_col","ns_id":3,"right_gravity":true,"virt_text_win_col":-3,"priority":10,"virt_text_hide":false}],[7,13,0,{"virt_text":[["▌","OpencodeToolBorder"]],"virt_text_repeat_linebreak":true,"virt_text_pos":"win_col","ns_id":3,"right_gravity":true,"virt_text_win_col":-1,"priority":4096,"virt_text_hide":false}],[8,14,0,{"virt_text":[["▌","OpencodeToolBorder"]],"virt_text_repeat_linebreak":true,"virt_text_pos":"win_col","ns_id":3,"right_gravity":true,"virt_text_win_col":-1,"priority":4096,"virt_text_hide":false}],[9,15,0,{"virt_text":[["▌","OpencodeToolBorder"]],"virt_text_repeat_linebreak":true,"virt_text_pos":"win_col","ns_id":3,"right_gravity":true,"virt_text_win_col":-1,"priority":4096,"virt_text_hide":false}],[10,16,0,{"virt_text":[["▌","OpencodeToolBorder"]],"virt_text_repeat_linebreak":true,"virt_text_pos":"win_col","ns_id":3,"right_gravity":true,"virt_text_win_col":-1,"priority":4096,"virt_text_hide":false}],[11,17,0,{"virt_text":[["▌","OpencodeToolBorder"]],"virt_text_repeat_linebreak":true,"virt_text_pos":"win_col","ns_id":3,"right_gravity":true,"virt_text_win_col":-1,"priority":4096,"virt_text_hide":false}],[12,20,0,{"virt_text":[[" ","OpencodeMessageRoleAssistant"],[" "],["PLAN","OpencodeMessageRoleAssistant"],[" claude-sonnet-4","OpencodeHint"],[" (2025-10-11 17:41:51)","OpencodeHint"],[" [msg_9d45d585800269UgJnOLD8i2pF]","OpencodeHint"]],"virt_text_repeat_linebreak":false,"virt_text_pos":"win_col","ns_id":3,"right_gravity":true,"virt_text_win_col":-3,"priority":10,"virt_text_hide":false}],[13,25,0,{"virt_text":[[" ","OpencodeMessageRoleAssistant"],[" "],["PLAN","OpencodeMessageRoleAssistant"],[" claude-sonnet-4","OpencodeHint"],[" (2025-10-11 17:41:54)","OpencodeHint"],[" [msg_9d45d65b40026mDvwR5cCGTA30]","OpencodeHint"]],"virt_text_repeat_linebreak":false,"virt_text_pos":"win_col","ns_id":3,"right_gravity":true,"virt_text_win_col":-3,"priority":10,"virt_text_hide":false}],[14,27,0,{"virt_text":[["▌","OpencodeToolBorder"]],"virt_text_repeat_linebreak":true,"virt_text_pos":"win_col","ns_id":3,"right_gravity":true,"virt_text_win_col":-1,"priority":4096,"virt_text_hide":false}],[15,28,0,{"virt_text":[["▌","OpencodeToolBorder"]],"virt_text_repeat_linebreak":true,"virt_text_pos":"win_col","ns_id":3,"right_gravity":true,"virt_text_win_col":-1,"priority":4096,"virt_text_hide":false}],[16,29,0,{"virt_text":[["▌","OpencodeToolBorder"]],"virt_text_repeat_linebreak":true,"virt_text_pos":"win_col","ns_id":3,"right_gravity":true,"virt_text_win_col":-1,"priority":4096,"virt_text_hide":false}],[17,30,0,{"virt_text":[["▌","OpencodeToolBorder"]],"virt_text_repeat_linebreak":true,"virt_text_pos":"win_col","ns_id":3,"right_gravity":true,"virt_text_win_col":-1,"priority":4096,"virt_text_hide":false}],[18,31,0,{"virt_text":[["▌","OpencodeToolBorder"]],"virt_text_repeat_linebreak":true,"virt_text_pos":"win_col","ns_id":3,"right_gravity":true,"virt_text_win_col":-1,"priority":4096,"virt_text_hide":false}],[19,34,0,{"virt_text":[[" ","OpencodeMessageRoleAssistant"],[" "],["PLAN","OpencodeMessageRoleAssistant"],[" claude-sonnet-4","OpencodeHint"],[" (2025-10-11 17:41:58)","OpencodeHint"],[" [msg_9d45d7390002yE2ve5szXtMdw0]","OpencodeHint"]],"virt_text_repeat_linebreak":false,"virt_text_pos":"win_col","ns_id":3,"right_gravity":true,"virt_text_win_col":-3,"priority":10,"virt_text_hide":false}]],"timestamp":1760658431,"lines":["","----","","","can you make a new neovim plugin for me?","","[a-empty.txt](a-empty.txt)","","----","","","I'll help you create a new Neovim plugin. Let me first examine your current setup and then create the plugin structure.","","**󰝖  plan** `4 todos`","- [ ] Examine existing Lua plugin structure ","- [ ] Create basic plugin directory structure ","- [ ] Write main plugin init.lua file ","- [ ] Create plugin documentation ","","----","","","**  read** `init.lua`","","----","","","**󰝖  plan** `3 todos`","- [x] Examine existing Lua plugin structure ","- [-] Create basic plugin directory structure ","- [ ] Write main plugin init.lua file ","- [ ] Create plugin documentation ","","----","","","What would you like your Neovim plugin to do? I can see you have an example plugin structure already. I'll need to know:","","1. What functionality you want the plugin to provide","2. What you'd like to name it","3. Any specific features or commands you want to include","","Once you provide these details, I can create a complete plugin structure for you based on the pattern I see in your existing example-plugin.",""],"actions":[]}