{"extmarks":[[1,2,0,{"right_gravity":true,"virt_text_win_col":-3,"virt_text_hide":false,"ns_id":3,"virt_text_repeat_linebreak":false,"virt_text":[["▌󰭻 ","OpencodeMessageRoleUser"],[" "],["USER","OpencodeMessageRoleUser"],["","OpencodeHint"],[" (2025-10-20 15:20:02)","OpencodeHint"],[" [msg_a0234c0b7001y2o9S1jMaNVZar]","OpencodeHint"]],"priority":10,"virt_text_pos":"win_col"}],[2,3,0,{"right_gravity":true,"virt_text_win_col":-3,"virt_text_hide":false,"ns_id":3,"virt_text_repeat_linebreak":true,"virt_text":[["▌","OpencodeMessageRoleUser"]],"priority":4096,"virt_text_pos":"win_col"}],[3,4,0,{"right_gravity":true,"virt_text_win_col":-3,"virt_text_hide":false,"ns_id":3,"virt_text_repeat_linebreak":true,"virt_text":[["▌","OpencodeMessageRoleUser"]],"priority":4096,"virt_text_pos":"win_col"}],[4,5,0,{"right_gravity":true,"virt_text_win_col":-3,"virt_text_hide":false,"ns_id":3,"virt_text_repeat_linebreak":true,"virt_text":[["▌","OpencodeMessageRoleUser"]],"priority":4096,"virt_text_pos":"win_col"}],[5,6,0,{"right_gravity":true,"virt_text_win_col":-3,"virt_text_hide":false,"ns_id":3,"virt_text_repeat_linebreak":true,"virt_text":[["▌","OpencodeMessageRoleUser"]],"priority":4096,"virt_text_pos":"win_col"}],[6,9,0,{"right_gravity":true,"virt_text_win_col":-3,"virt_text_hide":false,"ns_id":3,"virt_text_repeat_linebreak":false,"virt_text":[[" ","OpencodeMessageRoleAssistant"],[" "],["BUILD","OpencodeMessageRoleAssistant"],[" gpt-5-mini","OpencodeHint"],[" (2025-10-20 15:20:04)","OpencodeHint"],[" [msg_a0234c7960011LTxTvD94hfWCi]","OpencodeHint"]],"priority":10,"virt_text_pos":"win_col"}],[7,13,0,{"right_gravity":true,"virt_text_win_col":-1,"virt_text_hide":false,"ns_id":3,"virt_text_repeat_linebreak":true,"virt_text":[["▌","OpencodeToolBorder"]],"priority":4096,"virt_text_pos":"win_col"}],[8,14,0,{"right_gravity":true,"virt_text_win_col":-1,"virt_text_hide":false,"ns_id":3,"virt_text_repeat_linebreak":true,"virt_text":[["▌","OpencodeToolBorder"]],"priority":4096,"virt_text_pos":"win_col"}],[9,15,0,{"right_gravity":true,"virt_text_win_col":-1,"virt_text_hide":false,"ns_id":3,"virt_text_repeat_linebreak":true,"virt_text":[["▌","OpencodeToolBorder"]],"priority":4096,"virt_text_pos":"win_col"}],[10,16,0,{"right_gravity":true,"end_right_gravity":false,"virt_text_hide":false,"virt_text_repeat_linebreak":false,"ns_id":3,"hl_eol":true,"priority":5000,"hl_group":"OpencodeDiffDelete","virt_text":[["-","OpencodeDiffDelete"]],"end_col":0,"end_row":17,"virt_text_pos":"overlay"}],[11,16,0,{"right_gravity":true,"virt_text_win_col":-1,"virt_text_hide":false,"ns_id":3,"virt_text_repeat_linebreak":true,"virt_text":[["▌","OpencodeToolBorder"]],"priority":4096,"virt_text_pos":"win_col"}],[12,17,0,{"right_gravity":true,"end_right_gravity":false,"virt_text_hide":false,"virt_text_repeat_linebreak":false,"ns_id":3,"hl_eol":true,"priority":5000,"hl_group":"OpencodeDiffAdd","virt_text":[["+","OpencodeDiffAdd"]],"end_col":0,"end_row":18,"virt_text_pos":"overlay"}],[13,17,0,{"right_gravity":true,"virt_text_win_col":-1,"virt_text_hide":false,"ns_id":3,"virt_text_repeat_linebreak":true,"virt_text":[["▌","OpencodeToolBorder"]],"priority":4096,"virt_text_pos":"win_col"}],[14,18,0,{"right_gravity":true,"virt_text_win_col":-1,"virt_text_hide":false,"ns_id":3,"virt_text_repeat_linebreak":true,"virt_text":[["▌","OpencodeToolBorder"]],"priority":4096,"virt_text_pos":"win_col"}],[15,19,0,{"right_gravity":true,"virt_text_win_col":-1,"virt_text_hide":false,"ns_id":3,"virt_text_repeat_linebreak":true,"virt_text":[["▌","OpencodeToolBorder"]],"priority":4096,"virt_text_pos":"win_col"}],[16,20,0,{"right_gravity":true,"virt_text_win_col":-1,"virt_text_hide":false,"ns_id":3,"virt_text_repeat_linebreak":true,"virt_text":[["▌","OpencodeToolBorder"]],"priority":4096,"virt_text_pos":"win_col"}],[17,21,0,{"right_gravity":true,"virt_text_win_col":-1,"virt_text_hide":false,"ns_id":3,"virt_text_repeat_linebreak":true,"virt_text":[["▌","OpencodeToolBorder"]],"priority":4096,"virt_text_pos":"win_col"}],[18,26,0,{"right_gravity":true,"virt_text_win_col":-3,"virt_text_hide":false,"ns_id":3,"virt_text_repeat_linebreak":false,"virt_text":[[" ","OpencodeMessageRoleAssistant"],[" "],["BUILD","OpencodeMessageRoleAssistant"],[" gpt-5-mini","OpencodeHint"],[" (2025-10-20 15:20:09)","OpencodeHint"],[" [msg_a0234d8fb001SXyngLjuKSuxOY]","OpencodeHint"]],"priority":10,"virt_text_pos":"win_col"}],[19,31,0,{"right_gravity":true,"virt_text_win_col":-3,"virt_text_hide":false,"ns_id":3,"virt_text_repeat_linebreak":false,"virt_text":[["▌󰭻 ","OpencodeMessageRoleUser"],[" "],["USER","OpencodeMessageRoleUser"],["","OpencodeHint"],[" (2025-10-20 15:20:11)","OpencodeHint"],[" [msg_a0234e308001SKl5bQUibp5gtI]","OpencodeHint"]],"priority":10,"virt_text_pos":"win_col"}],[20,32,0,{"right_gravity":true,"virt_text_win_col":-3,"virt_text_hide":false,"ns_id":3,"virt_text_repeat_linebreak":true,"virt_text":[["▌","OpencodeMessageRoleUser"]],"priority":4096,"virt_text_pos":"win_col"}],[21,33,0,{"right_gravity":true,"virt_text_win_col":-3,"virt_text_hide":false,"ns_id":3,"virt_text_repeat_linebreak":true,"virt_text":[["▌","OpencodeMessageRoleUser"]],"priority":4096,"virt_text_pos":"win_col"}],[22,36,0,{"right_gravity":true,"virt_text_win_col":-3,"virt_text_hide":false,"ns_id":3,"virt_text_repeat_linebreak":false,"virt_text":[[" ","OpencodeMessageRoleAssistant"],[" "],["BUILD","OpencodeMessageRoleAssistant"],[" gpt-5-mini","OpencodeHint"],[" (2025-10-20 15:20:11)","OpencodeHint"],[" [msg_a0234e31f001m4EsQdPmY3PTtS]","OpencodeHint"]],"priority":10,"virt_text_pos":"win_col"}],[23,43,0,{"right_gravity":true,"virt_text_win_col":-3,"virt_text_hide":false,"ns_id":3,"virt_text_repeat_linebreak":false,"virt_text":[[" ","OpencodeMessageRoleAssistant"],[" "],["BUILD","OpencodeMessageRoleAssistant"],[" gpt-5-mini","OpencodeHint"],[" (2025-10-20 15:20:16)","OpencodeHint"],[" [msg_a0234f482001PQbMjWc6W8s0eF]","OpencodeHint"]],"priority":10,"virt_text_pos":"win_col"}],[24,47,0,{"right_gravity":true,"virt_text_win_col":-1,"virt_text_hide":false,"ns_id":3,"virt_text_repeat_linebreak":true,"virt_text":[["▌","OpencodeToolBorder"]],"priority":4096,"virt_text_pos":"win_col"}],[25,48,0,{"right_gravity":true,"virt_text_win_col":-1,"virt_text_hide":false,"ns_id":3,"virt_text_repeat_linebreak":true,"virt_text":[["▌","OpencodeToolBorder"]],"priority":4096,"virt_text_pos":"win_col"}],[26,49,0,{"right_gravity":true,"virt_text_win_col":-1,"virt_text_hide":false,"ns_id":3,"virt_text_repeat_linebreak":true,"virt_text":[["▌","OpencodeToolBorder"]],"priority":4096,"virt_text_pos":"win_col"}],[27,50,0,{"right_gravity":true,"end_right_gravity":false,"virt_text_hide":false,"virt_text_repeat_linebreak":false,"ns_id":3,"hl_eol":true,"priority":5000,"hl_group":"OpencodeDiffDelete","virt_text":[["-","OpencodeDiffDelete"]],"end_col":0,"end_row":51,"virt_text_pos":"overlay"}],[28,50,0,{"right_gravity":true,"virt_text_win_col":-1,"virt_text_hide":false,"ns_id":3,"virt_text_repeat_linebreak":true,"virt_text":[["▌","OpencodeToolBorder"]],"priority":4096,"virt_text_pos":"win_col"}],[29,51,0,{"right_gravity":true,"end_right_gravity":false,"virt_text_hide":false,"virt_text_repeat_linebreak":false,"ns_id":3,"hl_eol":true,"priority":5000,"hl_group":"OpencodeDiffAdd","virt_text":[["+","OpencodeDiffAdd"]],"end_col":0,"end_row":52,"virt_text_pos":"overlay"}],[30,51,0,{"right_gravity":true,"virt_text_win_col":-1,"virt_text_hide":false,"ns_id":3,"virt_text_repeat_linebreak":true,"virt_text":[["▌","OpencodeToolBorder"]],"priority":4096,"virt_text_pos":"win_col"}],[31,52,0,{"right_gravity":true,"virt_text_win_col":-1,"virt_text_hide":false,"ns_id":3,"virt_text_repeat_linebreak":true,"virt_text":[["▌","OpencodeToolBorder"]],"priority":4096,"virt_text_pos":"win_col"}],[32,53,0,{"right_gravity":true,"virt_text_win_col":-1,"virt_text_hide":false,"ns_id":3,"virt_text_repeat_linebreak":true,"virt_text":[["▌","OpencodeToolBorder"]],"priority":4096,"virt_text_pos":"win_col"}],[33,54,0,{"right_gravity":true,"virt_text_win_col":-1,"virt_text_hide":false,"ns_id":3,"virt_text_repeat_linebreak":true,"virt_text":[["▌","OpencodeToolBorder"]],"priority":4096,"virt_text_pos":"win_col"}],[34,55,0,{"right_gravity":true,"virt_text_win_col":-1,"virt_text_hide":false,"ns_id":3,"virt_text_repeat_linebreak":true,"virt_text":[["▌","OpencodeToolBorder"]],"priority":4096,"virt_text_pos":"win_col"}],[35,60,0,{"right_gravity":true,"virt_text_win_col":-3,"virt_text_hide":false,"ns_id":3,"virt_text_repeat_linebreak":false,"virt_text":[[" ","OpencodeMessageRoleAssistant"],[" "],["BUILD","OpencodeMessageRoleAssistant"],[" gpt-5-mini","OpencodeHint"],[" (2025-10-20 15:20:17)","OpencodeHint"],[" [msg_a0234f9c6001JCKYaca1HHwwx6]","OpencodeHint"]],"priority":10,"virt_text_pos":"win_col"}],[36,70,0,{"right_gravity":true,"virt_text_win_col":12,"virt_text_hide":false,"ns_id":3,"virt_text_repeat_linebreak":false,"virt_text":[["+1","OpencodeDiffAddText"]],"priority":1000,"virt_text_pos":"win_col"}],[37,70,0,{"right_gravity":true,"virt_text_win_col":15,"virt_text_hide":false,"ns_id":3,"virt_text_repeat_linebreak":false,"virt_text":[["-1","OpencodeDiffDeleteText"]],"priority":1000,"virt_text_pos":"win_col"}]],"actions":[{"text":"[R]evert file","args":["1b6ba655c6c0d899965adff278ac6320d5fc3b12"],"key":"R","display_line":24,"type":"diff_revert_selected_file","range":{"from":24,"to":24}},{"text":"Revert [A]ll","args":["1b6ba655c6c0d899965adff278ac6320d5fc3b12"],"key":"A","display_line":24,"type":"diff_revert_all","range":{"from":24,"to":24}},{"text":"[D]iff","args":["1b6ba655c6c0d899965adff278ac6320d5fc3b12"],"key":"D","display_line":24,"type":"diff_open","range":{"from":24,"to":24}},{"text":"[R]evert file","args":["57d83f5596cb1f142fbc681d3d93b7184f7f73cd"],"key":"R","display_line":58,"type":"diff_revert_selected_file","range":{"from":58,"to":58}},{"text":"Revert [A]ll","args":["57d83f5596cb1f142fbc681d3d93b7184f7f73cd"],"key":"A","display_line":58,"type":"diff_revert_all","range":{"from":58,"to":58}},{"text":"[D]iff","args":["57d83f5596cb1f142fbc681d3d93b7184f7f73cd"],"key":"D","display_line":58,"type":"diff_open","range":{"from":58,"to":58}}],"timestamp":1760978474,"lines":["","----","","","add another word","","[test.txt](test.txt)","","----","","","I'll append a single word (\"again\") to the first line of `test.txt`. Applying a precise edit to the existing line now.","","**  edit** `test.txt`","","```txt"," tangram quiver saffron nebula cobalt murmur plinth zephyr ember lattice cadenza another yet extra more","  tangram quiver saffron nebula cobalt murmur plinth zephyr ember lattice cadenza another yet extra more again"," "," ","","```","","**󰻛  Created Snapshot** `1b6ba655`","","----","","","**Done:** added the word `again` to `test.txt`.","","----","","","add another word","","----","","","I'll read `test.txt` to get the current first-line content, then append one word (\"again2\") to that line. Proceeding to read the file.","","**  read** `test.txt`","","----","","","Now I'll append the word \"again2\" to the first line. I'll apply an exact in-place edit to update that line.","","**  edit** `test.txt`","","```txt"," tangram quiver saffron nebula cobalt murmur plinth zephyr ember lattice cadenza another yet extra more again","  tangram quiver saffron nebula cobalt murmur plinth zephyr ember lattice cadenza another yet extra more again again2"," "," ","","```","","**󰻛  Created Snapshot** `57d83f55`","","----","","","**Done:** appended the word `again2` to `test.txt`.","","----","","> 1 message reverted, 2 tool calls reverted",">","> type `/redo` to restore.",""," test.txt: +1 -1"]}