{"extmarks":[[1,2,0,{"ns_id":3,"virt_text":[["▌󰭻 ","OpencodeMessageRoleUser"],[" "],["USER","OpencodeMessageRoleUser"],["","OpencodeHint"],[" (2025-10-20 15:20:02)","OpencodeHint"],[" [msg_a0234c0b7001y2o9S1jMaNVZar]","OpencodeHint"]],"virt_text_pos":"win_col","right_gravity":true,"virt_text_hide":false,"virt_text_win_col":-3,"priority":10,"virt_text_repeat_linebreak":false}],[2,3,0,{"ns_id":3,"virt_text":[["▌","OpencodeMessageRoleUser"]],"virt_text_pos":"win_col","right_gravity":true,"virt_text_hide":false,"virt_text_win_col":-3,"priority":4096,"virt_text_repeat_linebreak":true}],[3,4,0,{"ns_id":3,"virt_text":[["▌","OpencodeMessageRoleUser"]],"virt_text_pos":"win_col","right_gravity":true,"virt_text_hide":false,"virt_text_win_col":-3,"priority":4096,"virt_text_repeat_linebreak":true}],[4,5,0,{"ns_id":3,"virt_text":[["▌","OpencodeMessageRoleUser"]],"virt_text_pos":"win_col","right_gravity":true,"virt_text_hide":false,"virt_text_win_col":-3,"priority":4096,"virt_text_repeat_linebreak":true}],[5,6,0,{"ns_id":3,"virt_text":[["▌","OpencodeMessageRoleUser"]],"virt_text_pos":"win_col","right_gravity":true,"virt_text_hide":false,"virt_text_win_col":-3,"priority":4096,"virt_text_repeat_linebreak":true}],[6,9,0,{"ns_id":3,"virt_text":[[" ","OpencodeMessageRoleAssistant"],[" "],["BUILD","OpencodeMessageRoleAssistant"],[" gpt-5-mini","OpencodeHint"],[" (2025-10-20 15:20:04)","OpencodeHint"],[" [msg_a0234c7960011LTxTvD94hfWCi]","OpencodeHint"]],"virt_text_pos":"win_col","right_gravity":true,"virt_text_hide":false,"virt_text_win_col":-3,"priority":10,"virt_text_repeat_linebreak":false}],[7,13,0,{"ns_id":3,"virt_text":[["▌","OpencodeToolBorder"]],"virt_text_pos":"win_col","right_gravity":true,"virt_text_hide":false,"virt_text_win_col":-1,"priority":4096,"virt_text_repeat_linebreak":true}],[8,14,0,{"ns_id":3,"virt_text":[["▌","OpencodeToolBorder"]],"virt_text_pos":"win_col","right_gravity":true,"virt_text_hide":false,"virt_text_win_col":-1,"priority":4096,"virt_text_repeat_linebreak":true}],[9,15,0,{"ns_id":3,"virt_text":[["▌","OpencodeToolBorder"]],"virt_text_pos":"win_col","right_gravity":true,"virt_text_hide":false,"virt_text_win_col":-1,"priority":4096,"virt_text_repeat_linebreak":true}],[10,16,0,{"ns_id":3,"end_row":17,"hl_eol":true,"right_gravity":true,"end_right_gravity":false,"virt_text_hide":false,"priority":5000,"virt_text_repeat_linebreak":false,"virt_text_pos":"overlay","end_col":0,"virt_text":[["-","OpencodeDiffDelete"]],"hl_group":"OpencodeDiffDelete"}],[11,16,0,{"ns_id":3,"virt_text":[["▌","OpencodeToolBorder"]],"virt_text_pos":"win_col","right_gravity":true,"virt_text_hide":false,"virt_text_win_col":-1,"priority":4096,"virt_text_repeat_linebreak":true}],[12,17,0,{"ns_id":3,"end_row":18,"hl_eol":true,"right_gravity":true,"end_right_gravity":false,"virt_text_hide":false,"priority":5000,"virt_text_repeat_linebreak":false,"virt_text_pos":"overlay","end_col":0,"virt_text":[["+","OpencodeDiffAdd"]],"hl_group":"OpencodeDiffAdd"}],[13,17,0,{"ns_id":3,"virt_text":[["▌","OpencodeToolBorder"]],"virt_text_pos":"win_col","right_gravity":true,"virt_text_hide":false,"virt_text_win_col":-1,"priority":4096,"virt_text_repeat_linebreak":true}],[14,18,0,{"ns_id":3,"virt_text":[["▌","OpencodeToolBorder"]],"virt_text_pos":"win_col","right_gravity":true,"virt_text_hide":false,"virt_text_win_col":-1,"priority":4096,"virt_text_repeat_linebreak":true}],[15,19,0,{"ns_id":3,"virt_text":[["▌","OpencodeToolBorder"]],"virt_text_pos":"win_col","right_gravity":true,"virt_text_hide":false,"virt_text_win_col":-1,"priority":4096,"virt_text_repeat_linebreak":true}],[16,20,0,{"ns_id":3,"virt_text":[["▌","OpencodeToolBorder"]],"virt_text_pos":"win_col","right_gravity":true,"virt_text_hide":false,"virt_text_win_col":-1,"priority":4096,"virt_text_repeat_linebreak":true}],[17,21,0,{"ns_id":3,"virt_text":[["▌","OpencodeToolBorder"]],"virt_text_pos":"win_col","right_gravity":true,"virt_text_hide":false,"virt_text_win_col":-1,"priority":4096,"virt_text_repeat_linebreak":true}],[18,26,0,{"ns_id":3,"virt_text":[[" ","OpencodeMessageRoleAssistant"],[" "],["BUILD","OpencodeMessageRoleAssistant"],[" gpt-5-mini","OpencodeHint"],[" (2025-10-20 15:20:09)","OpencodeHint"],[" [msg_a0234d8fb001SXyngLjuKSuxOY]","OpencodeHint"]],"virt_text_pos":"win_col","right_gravity":true,"virt_text_hide":false,"virt_text_win_col":-3,"priority":10,"virt_text_repeat_linebreak":false}],[19,31,0,{"ns_id":3,"virt_text":[["▌󰭻 ","OpencodeMessageRoleUser"],[" "],["USER","OpencodeMessageRoleUser"],["","OpencodeHint"],[" (2025-10-20 15:20:11)","OpencodeHint"],[" [msg_a0234e308001SKl5bQUibp5gtI]","OpencodeHint"]],"virt_text_pos":"win_col","right_gravity":true,"virt_text_hide":false,"virt_text_win_col":-3,"priority":10,"virt_text_repeat_linebreak":false}],[20,32,0,{"ns_id":3,"virt_text":[["▌","OpencodeMessageRoleUser"]],"virt_text_pos":"win_col","right_gravity":true,"virt_text_hide":false,"virt_text_win_col":-3,"priority":4096,"virt_text_repeat_linebreak":true}],[21,33,0,{"ns_id":3,"virt_text":[["▌","OpencodeMessageRoleUser"]],"virt_text_pos":"win_col","right_gravity":true,"virt_text_hide":false,"virt_text_win_col":-3,"priority":4096,"virt_text_repeat_linebreak":true}],[22,36,0,{"ns_id":3,"virt_text":[[" ","OpencodeMessageRoleAssistant"],[" "],["BUILD","OpencodeMessageRoleAssistant"],[" gpt-5-mini","OpencodeHint"],[" (2025-10-20 15:20:11)","OpencodeHint"],[" [msg_a0234e31f001m4EsQdPmY3PTtS]","OpencodeHint"]],"virt_text_pos":"win_col","right_gravity":true,"virt_text_hide":false,"virt_text_win_col":-3,"priority":10,"virt_text_repeat_linebreak":false}],[23,43,0,{"ns_id":3,"virt_text":[[" ","OpencodeMessageRoleAssistant"],[" "],["BUILD","OpencodeMessageRoleAssistant"],[" gpt-5-mini","OpencodeHint"],[" (2025-10-20 15:20:16)","OpencodeHint"],[" [msg_a0234f482001PQbMjWc6W8s0eF]","OpencodeHint"]],"virt_text_pos":"win_col","right_gravity":true,"virt_text_hide":false,"virt_text_win_col":-3,"priority":10,"virt_text_repeat_linebreak":false}],[24,47,0,{"ns_id":3,"virt_text":[["▌","OpencodeToolBorder"]],"virt_text_pos":"win_col","right_gravity":true,"virt_text_hide":false,"virt_text_win_col":-1,"priority":4096,"virt_text_repeat_linebreak":true}],[25,48,0,{"ns_id":3,"virt_text":[["▌","OpencodeToolBorder"]],"virt_text_pos":"win_col","right_gravity":true,"virt_text_hide":false,"virt_text_win_col":-1,"priority":4096,"virt_text_repeat_linebreak":true}],[26,49,0,{"ns_id":3,"virt_text":[["▌","OpencodeToolBorder"]],"virt_text_pos":"win_col","right_gravity":true,"virt_text_hide":false,"virt_text_win_col":-1,"priority":4096,"virt_text_repeat_linebreak":true}],[27,50,0,{"ns_id":3,"end_row":51,"hl_eol":true,"right_gravity":true,"end_right_gravity":false,"virt_text_hide":false,"priority":5000,"virt_text_repeat_linebreak":false,"virt_text_pos":"overlay","end_col":0,"virt_text":[["-","OpencodeDiffDelete"]],"hl_group":"OpencodeDiffDelete"}],[28,50,0,{"ns_id":3,"virt_text":[["▌","OpencodeToolBorder"]],"virt_text_pos":"win_col","right_gravity":true,"virt_text_hide":false,"virt_text_win_col":-1,"priority":4096,"virt_text_repeat_linebreak":true}],[29,51,0,{"ns_id":3,"end_row":52,"hl_eol":true,"right_gravity":true,"end_right_gravity":false,"virt_text_hide":false,"priority":5000,"virt_text_repeat_linebreak":false,"virt_text_pos":"overlay","end_col":0,"virt_text":[["+","OpencodeDiffAdd"]],"hl_group":"OpencodeDiffAdd"}],[30,51,0,{"ns_id":3,"virt_text":[["▌","OpencodeToolBorder"]],"virt_text_pos":"win_col","right_gravity":true,"virt_text_hide":false,"virt_text_win_col":-1,"priority":4096,"virt_text_repeat_linebreak":true}],[31,52,0,{"ns_id":3,"virt_text":[["▌","OpencodeToolBorder"]],"virt_text_pos":"win_col","right_gravity":true,"virt_text_hide":false,"virt_text_win_col":-1,"priority":4096,"virt_text_repeat_linebreak":true}],[32,53,0,{"ns_id":3,"virt_text":[["▌","OpencodeToolBorder"]],"virt_text_pos":"win_col","right_gravity":true,"virt_text_hide":false,"virt_text_win_col":-1,"priority":4096,"virt_text_repeat_linebreak":true}],[33,54,0,{"ns_id":3,"virt_text":[["▌","OpencodeToolBorder"]],"virt_text_pos":"win_col","right_gravity":true,"virt_text_hide":false,"virt_text_win_col":-1,"priority":4096,"virt_text_repeat_linebreak":true}],[34,55,0,{"ns_id":3,"virt_text":[["▌","OpencodeToolBorder"]],"virt_text_pos":"win_col","right_gravity":true,"virt_text_hide":false,"virt_text_win_col":-1,"priority":4096,"virt_text_repeat_linebreak":true}],[35,60,0,{"ns_id":3,"virt_text":[[" ","OpencodeMessageRoleAssistant"],[" "],["BUILD","OpencodeMessageRoleAssistant"],[" gpt-5-mini","OpencodeHint"],[" (2025-10-20 15:20:17)","OpencodeHint"],[" [msg_a0234f9c6001JCKYaca1HHwwx6]","OpencodeHint"]],"virt_text_pos":"win_col","right_gravity":true,"virt_text_hide":false,"virt_text_win_col":-3,"priority":10,"virt_text_repeat_linebreak":false}],[36,65,0,{"ns_id":3,"virt_text":[["▌󰭻 ","OpencodeMessageRoleUser"],[" "],["USER","OpencodeMessageRoleUser"],["","OpencodeHint"],[" (2025-10-20 15:22:29)","OpencodeHint"],[" [msg_a0236fd1c001TlwqL8fwvq529i]","OpencodeHint"]],"virt_text_pos":"win_col","right_gravity":true,"virt_text_hide":false,"virt_text_win_col":-3,"priority":10,"virt_text_repeat_linebreak":false}],[37,66,0,{"ns_id":3,"virt_text":[["▌","OpencodeMessageRoleUser"]],"virt_text_pos":"win_col","right_gravity":true,"virt_text_hide":false,"virt_text_win_col":-3,"priority":4096,"virt_text_repeat_linebreak":true}],[38,67,0,{"ns_id":3,"virt_text":[["▌","OpencodeMessageRoleUser"]],"virt_text_pos":"win_col","right_gravity":true,"virt_text_hide":false,"virt_text_win_col":-3,"priority":4096,"virt_text_repeat_linebreak":true}],[39,70,0,{"ns_id":3,"virt_text":[[" ","OpencodeMessageRoleAssistant"],[" "],["BUILD","OpencodeMessageRoleAssistant"],[" gpt-5-mini","OpencodeHint"],[" (2025-10-20 15:22:29)","OpencodeHint"],[" [msg_a0236fd57001pTnTjSBdFlleCb]","OpencodeHint"]],"virt_text_pos":"win_col","right_gravity":true,"virt_text_hide":false,"virt_text_win_col":-3,"priority":10,"virt_text_repeat_linebreak":false}],[40,77,0,{"ns_id":3,"virt_text":[[" ","OpencodeMessageRoleAssistant"],[" "],["BUILD","OpencodeMessageRoleAssistant"],[" gpt-5-mini","OpencodeHint"],[" (2025-10-20 15:22:34)","OpencodeHint"],[" [msg_a02371241001PBQAsr8Oc9hqNI]","OpencodeHint"]],"virt_text_pos":"win_col","right_gravity":true,"virt_text_hide":false,"virt_text_win_col":-3,"priority":10,"virt_text_repeat_linebreak":false}],[41,81,0,{"ns_id":3,"virt_text":[["▌","OpencodeToolBorder"]],"virt_text_pos":"win_col","right_gravity":true,"virt_text_hide":false,"virt_text_win_col":-1,"priority":4096,"virt_text_repeat_linebreak":true}],[42,82,0,{"ns_id":3,"virt_text":[["▌","OpencodeToolBorder"]],"virt_text_pos":"win_col","right_gravity":true,"virt_text_hide":false,"virt_text_win_col":-1,"priority":4096,"virt_text_repeat_linebreak":true}],[43,83,0,{"ns_id":3,"virt_text":[["▌","OpencodeToolBorder"]],"virt_text_pos":"win_col","right_gravity":true,"virt_text_hide":false,"virt_text_win_col":-1,"priority":4096,"virt_text_repeat_linebreak":true}],[44,84,0,{"ns_id":3,"end_row":85,"hl_eol":true,"right_gravity":true,"end_right_gravity":false,"virt_text_hide":false,"priority":5000,"virt_text_repeat_linebreak":false,"virt_text_pos":"overlay","end_col":0,"virt_text":[["-","OpencodeDiffDelete"]],"hl_group":"OpencodeDiffDelete"}],[45,84,0,{"ns_id":3,"virt_text":[["▌","OpencodeToolBorder"]],"virt_text_pos":"win_col","right_gravity":true,"virt_text_hide":false,"virt_text_win_col":-1,"priority":4096,"virt_text_repeat_linebreak":true}],[46,85,0,{"ns_id":3,"end_row":86,"hl_eol":true,"right_gravity":true,"end_right_gravity":false,"virt_text_hide":false,"priority":5000,"virt_text_repeat_linebreak":false,"virt_text_pos":"overlay","end_col":0,"virt_text":[["+","OpencodeDiffAdd"]],"hl_group":"OpencodeDiffAdd"}],[47,85,0,{"ns_id":3,"virt_text":[["▌","OpencodeToolBorder"]],"virt_text_pos":"win_col","right_gravity":true,"virt_text_hide":false,"virt_text_win_col":-1,"priority":4096,"virt_text_repeat_linebreak":true}],[48,86,0,{"ns_id":3,"virt_text":[["▌","OpencodeToolBorder"]],"virt_text_pos":"win_col","right_gravity":true,"virt_text_hide":false,"virt_text_win_col":-1,"priority":4096,"virt_text_repeat_linebreak":true}],[49,87,0,{"ns_id":3,"virt_text":[["▌","OpencodeToolBorder"]],"virt_text_pos":"win_col","right_gravity":true,"virt_text_hide":false,"virt_text_win_col":-1,"priority":4096,"virt_text_repeat_linebreak":true}],[50,88,0,{"ns_id":3,"virt_text":[["▌","OpencodeToolBorder"]],"virt_text_pos":"win_col","right_gravity":true,"virt_text_hide":false,"virt_text_win_col":-1,"priority":4096,"virt_text_repeat_linebreak":true}],[51,89,0,{"ns_id":3,"virt_text":[["▌","OpencodeToolBorder"]],"virt_text_pos":"win_col","right_gravity":true,"virt_text_hide":false,"virt_text_win_col":-1,"priority":4096,"virt_text_repeat_linebreak":true}],[52,94,0,{"ns_id":3,"virt_text":[[" ","OpencodeMessageRoleAssistant"],[" "],["BUILD","OpencodeMessageRoleAssistant"],[" gpt-5-mini","OpencodeHint"],[" (2025-10-20 15:22:39)","OpencodeHint"],[" [msg_a023723d0001r87MaJThFssUw1]","OpencodeHint"]],"virt_text_pos":"win_col","right_gravity":true,"virt_text_hide":false,"virt_text_win_col":-3,"priority":10,"virt_text_repeat_linebreak":false}]],"lines":["","----","","","add another word","","[test.txt](test.txt)","","----","","","I'll append a single word (\"again\") to the first line of `test.txt`. Applying a precise edit to the existing line now.","","**  edit** `test.txt`","","```txt"," tangram quiver saffron nebula cobalt murmur plinth zephyr ember lattice cadenza another yet extra more","  tangram quiver saffron nebula cobalt murmur plinth zephyr ember lattice cadenza another yet extra more again"," "," ","","```","","**󰻛  Created Snapshot** `1b6ba655`","","----","","","**Done:** added the word `again` to `test.txt`.","","----","","","add another word","","----","","","I'll read `test.txt` to get the current first-line content, then append one word (\"again2\") to that line. Proceeding to read the file.","","**  read** `test.txt`","","----","","","Now I'll append the word \"again2\" to the first line. I'll apply an exact in-place edit to update that line.","","**  edit** `test.txt`","","```txt"," tangram quiver saffron nebula cobalt murmur plinth zephyr ember lattice cadenza another yet extra more again","  tangram quiver saffron nebula cobalt murmur plinth zephyr ember lattice cadenza another yet extra more again again2"," "," ","","```","","**󰻛  Created Snapshot** `57d83f55`","","----","","","**Done:** appended the word `again2` to `test.txt`.","","----","","","add another word","","----","","","I'll read `test.txt` to get the current first-line content, then append the word `again3`. Proceeding to read the file.","","**  read** `test.txt`","","----","","","I'll append the word \"again3\" to the first line of `test.txt` with an exact in-place edit. Applying the change now.","","**  edit** `test.txt`","","```txt"," tangram quiver saffron nebula cobalt murmur plinth zephyr ember lattice cadenza another yet extra more again again2","  tangram quiver saffron nebula cobalt murmur plinth zephyr ember lattice cadenza another yet extra more again again2 again3"," "," ","","```","","**󰻛  Created Snapshot** `d988cc85`","","----","","","**Done:** appended the word `again3` to `test.txt`.",""],"timestamp":1760979963,"actions":[{"display_line":92,"type":"diff_revert_selected_file","key":"R","text":"[R]evert file","range":{"from":92,"to":92},"args":["d988cc85565b99017d40ad8baea20225165be9d5"]},{"display_line":92,"type":"diff_revert_all","key":"A","text":"Revert [A]ll","range":{"from":92,"to":92},"args":["d988cc85565b99017d40ad8baea20225165be9d5"]},{"display_line":92,"type":"diff_open","key":"D","text":"[D]iff","range":{"from":92,"to":92},"args":["d988cc85565b99017d40ad8baea20225165be9d5"]},{"display_line":24,"type":"diff_revert_selected_file","key":"R","text":"[R]evert file","range":{"from":24,"to":24},"args":["1b6ba655c6c0d899965adff278ac6320d5fc3b12"]},{"display_line":24,"type":"diff_revert_all","key":"A","text":"Revert [A]ll","range":{"from":24,"to":24},"args":["1b6ba655c6c0d899965adff278ac6320d5fc3b12"]},{"display_line":24,"type":"diff_open","key":"D","text":"[D]iff","range":{"from":24,"to":24},"args":["1b6ba655c6c0d899965adff278ac6320d5fc3b12"]},{"display_line":58,"type":"diff_revert_selected_file","key":"R","text":"[R]evert file","range":{"from":58,"to":58},"args":["57d83f5596cb1f142fbc681d3d93b7184f7f73cd"]},{"display_line":58,"type":"diff_revert_all","key":"A","text":"Revert [A]ll","range":{"from":58,"to":58},"args":["57d83f5596cb1f142fbc681d3d93b7184f7f73cd"]},{"display_line":58,"type":"diff_open","key":"D","text":"[D]iff","range":{"from":58,"to":58},"args":["57d83f5596cb1f142fbc681d3d93b7184f7f73cd"]}]}