{"timestamp":1760681258,"lines":["","----","","","no, i want the extra line added when i've streamed the most recent part but i don't want it still there when i add the next part. i.e. i want an extra blank line at the end","","[lua/opencode/ui/renderer.lua](lua/opencode/ui/renderer.lua)","","----","","","Ah, I understand now! You want:","1. An extra blank line at the very end of the buffer when content has been streamed","2. But when **new** content is about to be added, remove that extra blank line first (so the new content doesn't have an awkward gap above it)","","This is a \"trailing spacer\" that should only exist when we're \"done\" with the current output, but gets removed before adding more.","","Here's the approach:","","## Solution","","Add tracking for whether a trailing blank line exists, and:","- **Add** a blank line after writing new content (in `_write_formatted_data`)","- **Remove** the trailing blank line before writing new content (also in `_write_formatted_data`)","","### Changes needed in `renderer.lua`:","","1. **Add state tracking** (after line 14):","   ```lua","   M._has_trailing_line = false","   ```","","2. **Reset the flag** in `M.reset()` (after line 21):","   ```lua","   M._has_trailing_line = false","   ```","","3. **Modify `_write_formatted_data`** (around line 247-276):","   - Before writing: remove trailing line if it exists","   - After writing: add a new trailing line","   ","   ```lua","   function M._write_formatted_data(formatted_data)","     local buf = state.windows.output_buf","     local start_line = output_window.get_buf_line_count()","     ","     -- Remove trailing blank line before adding new content","     if M._has_trailing_line and start_line > 0 then","       output_window.set_lines({}, start_line - 1, start_line)","       start_line = start_line - 1","       M._has_trailing_line = false","     end","     ","     local new_lines = formatted_data.lines","     local extmarks = formatted_data.extmarks","   ","     if #new_lines == 0 or not buf then","       return nil","     end","   ","     -- [existing action extraction code...]","     ","     output_window.set_lines(new_lines, start_line)","     output_window.set_extmarks(extmarks, start_line)","     ","     -- Add trailing blank line after writing","     local end_line = start_line + #new_lines","     output_window.set_lines({''}, end_line)","     M._has_trailing_line = true","   ","     return {","       line_start = start_line,","       line_end = start_line + #new_lines - 1,","     }","   end","   ```","","This way:","- ✅ Extra blank line appears after streaming content","- ✅ Gets removed automatically before next content is added","- ✅ No gap between messages","- ✅ Always has visual spacing at the bottom","","----","","","but i'd only want to do that for things added to the end","","----","","","Ah yes, you're right! The trailing blank line should only be added/removed when writing to the **end** of the buffer, not when doing replacements in the middle (like `_replace_part_in_buffer`).","","Let me trace through the code:","","1. **`_write_formatted_data`** - writes at end (line 247-276)","2. **`_insert_part_to_buffer`** - calls `_write_formatted_data`, so writes at end (line 282-300)","3. **`_replace_part_in_buffer`** - replaces in middle of buffer (line 307-353)","","So the logic should be:","- In **`_write_formatted_data`**: Remove trailing line before writing (if exists), then add it back after","- In **`_replace_part_in_buffer`**: Don't touch the trailing line at all","- In **`render_output`**: This sets the entire buffer, so no trailing line management needed","","The key insight is that `_write_formatted_data` is specifically for appending to the end (line 249: `start_line = output_window.get_buf_line_count()`), so that's the only place where we need to:","1. Remove the trailing blank line first (if it exists)","2. Write the new content","3. Add a new trailing blank line","","Does that match what you want? The trailing line only exists at the very end, and only gets managed when appending new content to the end.","","----","","","yes","","----","","","**  edit** `renderer.lua`","","**  edit** `renderer.lua`","","**  edit** `renderer.lua`","","```lua"," ---@return {line_start: integer, line_end: integer}? Range where data was written"," function M._write_formatted_data(formatted_data)","   local buf = state.windows.output_buf","   local start_line = output_window.get_buf_line_count()","   ","   -- Remove trailing blank line before adding new content","   if M._has_trailing_line and start_line > 0 then","     output_window.set_lines({}, start_line - 1, start_line)","     start_line = start_line - 1","     M._has_trailing_line = false","   end","   ","   local new_lines = formatted_data.lines","   local extmarks = formatted_data.extmarks"," ","   if #new_lines == 0 or not buf then","@@ -268,8 +276,13 @@"," ","   output_window.set_lines(new_lines, start_line)","   output_window.set_extmarks(extmarks, start_line)"," ","   -- Add trailing blank line after writing","   local end_line = start_line + #new_lines","   output_window.set_lines({''}, end_line)","   M._has_trailing_line = true"," ","   return {","     line_start = start_line,","     line_end = start_line + #new_lines - 1,","   }","","```","","> [!WARNING] Permission required to run this tool.",">","> Accept `a`    Always `A`    Deny `d`",""],"actions":[],"extmarks":[[1,2,0,{"virt_text_repeat_linebreak":false,"right_gravity":true,"virt_text_win_col":-3,"virt_text_hide":false,"priority":10,"ns_id":3,"virt_text":[["▌󰭻 ","OpencodeMessageRoleUser"],[" "],["USER","OpencodeMessageRoleUser"],["","OpencodeHint"],[" (2025-10-17 01:05:49)","OpencodeHint"],[" [msg_9efb39d68001J2h30a50B2774b]","OpencodeHint"]],"virt_text_pos":"win_col"}],[2,3,0,{"virt_text_repeat_linebreak":true,"right_gravity":true,"virt_text_win_col":-3,"virt_text_hide":false,"priority":4096,"ns_id":3,"virt_text":[["▌","OpencodeMessageRoleUser"]],"virt_text_pos":"win_col"}],[3,4,0,{"virt_text_repeat_linebreak":true,"right_gravity":true,"virt_text_win_col":-3,"virt_text_hide":false,"priority":4096,"ns_id":3,"virt_text":[["▌","OpencodeMessageRoleUser"]],"virt_text_pos":"win_col"}],[4,5,0,{"virt_text_repeat_linebreak":true,"right_gravity":true,"virt_text_win_col":-3,"virt_text_hide":false,"priority":4096,"ns_id":3,"virt_text":[["▌","OpencodeMessageRoleUser"]],"virt_text_pos":"win_col"}],[5,6,0,{"virt_text_repeat_linebreak":true,"right_gravity":true,"virt_text_win_col":-3,"virt_text_hide":false,"priority":4096,"ns_id":3,"virt_text":[["▌","OpencodeMessageRoleUser"]],"virt_text_pos":"win_col"}],[6,9,0,{"virt_text_repeat_linebreak":false,"right_gravity":true,"virt_text_win_col":-3,"virt_text_hide":false,"priority":10,"ns_id":3,"virt_text":[[" ","OpencodeMessageRoleAssistant"],[" "],["PLAN","OpencodeMessageRoleAssistant"],[" claude-sonnet-4.5","OpencodeHint"],[" (2025-10-17 01:05:50)","OpencodeHint"],[" [msg_9efb39dc3002f81rMRqF2WO1UU]","OpencodeHint"]],"virt_text_pos":"win_col"}],[7,84,0,{"virt_text_repeat_linebreak":false,"right_gravity":true,"virt_text_win_col":-3,"virt_text_hide":false,"priority":10,"ns_id":3,"virt_text":[["▌󰭻 ","OpencodeMessageRoleUser"],[" "],["USER","OpencodeMessageRoleUser"],["","OpencodeHint"],[" (2025-10-17 01:07:23)","OpencodeHint"],[" [msg_9efb50a0b001WFK7AMDV45cF8Z]","OpencodeHint"]],"virt_text_pos":"win_col"}],[8,85,0,{"virt_text_repeat_linebreak":true,"right_gravity":true,"virt_text_win_col":-3,"virt_text_hide":false,"priority":4096,"ns_id":3,"virt_text":[["▌","OpencodeMessageRoleUser"]],"virt_text_pos":"win_col"}],[9,86,0,{"virt_text_repeat_linebreak":true,"right_gravity":true,"virt_text_win_col":-3,"virt_text_hide":false,"priority":4096,"ns_id":3,"virt_text":[["▌","OpencodeMessageRoleUser"]],"virt_text_pos":"win_col"}],[10,89,0,{"virt_text_repeat_linebreak":false,"right_gravity":true,"virt_text_win_col":-3,"virt_text_hide":false,"priority":10,"ns_id":3,"virt_text":[[" ","OpencodeMessageRoleAssistant"],[" "],["PLAN","OpencodeMessageRoleAssistant"],[" claude-sonnet-4.5","OpencodeHint"],[" (2025-10-17 01:07:23)","OpencodeHint"],[" [msg_9efb50a2a002dzMgbQnasd86o1]","OpencodeHint"]],"virt_text_pos":"win_col"}],[11,112,0,{"virt_text_repeat_linebreak":false,"right_gravity":true,"virt_text_win_col":-3,"virt_text_hide":false,"priority":10,"ns_id":3,"virt_text":[["▌󰭻 ","OpencodeMessageRoleUser"],[" "],["USER","OpencodeMessageRoleUser"],["","OpencodeHint"],[" (2025-10-17 01:08:01)","OpencodeHint"],[" [msg_9efb59d93001LSm9y0DS9p8cP6]","OpencodeHint"]],"virt_text_pos":"win_col"}],[12,113,0,{"virt_text_repeat_linebreak":true,"right_gravity":true,"virt_text_win_col":-3,"virt_text_hide":false,"priority":4096,"ns_id":3,"virt_text":[["▌","OpencodeMessageRoleUser"]],"virt_text_pos":"win_col"}],[13,114,0,{"virt_text_repeat_linebreak":true,"right_gravity":true,"virt_text_win_col":-3,"virt_text_hide":false,"priority":4096,"ns_id":3,"virt_text":[["▌","OpencodeMessageRoleUser"]],"virt_text_pos":"win_col"}],[14,117,0,{"virt_text_repeat_linebreak":false,"right_gravity":true,"virt_text_win_col":-3,"virt_text_hide":false,"priority":10,"ns_id":3,"virt_text":[[" ","OpencodeMessageRoleAssistant"],[" "],["PLAN","OpencodeMessageRoleAssistant"],[" claude-sonnet-4.5","OpencodeHint"],[" (2025-10-17 01:08:01)","OpencodeHint"],[" [msg_9efb59db4002uWmyFRTjRIhIaQ]","OpencodeHint"]],"virt_text_pos":"win_col"}],[15,123,0,{"virt_text_repeat_linebreak":true,"right_gravity":true,"virt_text_win_col":-1,"virt_text_hide":false,"priority":4096,"ns_id":3,"virt_text":[["▌","OpencodeToolBorder"]],"virt_text_pos":"win_col"}],[16,124,0,{"virt_text_repeat_linebreak":true,"right_gravity":true,"virt_text_win_col":-1,"virt_text_hide":false,"priority":4096,"ns_id":3,"virt_text":[["▌","OpencodeToolBorder"]],"virt_text_pos":"win_col"}],[17,125,0,{"virt_text_repeat_linebreak":true,"right_gravity":true,"virt_text_win_col":-1,"virt_text_hide":false,"priority":4096,"ns_id":3,"virt_text":[["▌","OpencodeToolBorder"]],"virt_text_pos":"win_col"}],[18,126,0,{"virt_text_repeat_linebreak":true,"right_gravity":true,"virt_text_win_col":-1,"virt_text_hide":false,"priority":4096,"ns_id":3,"virt_text":[["▌","OpencodeToolBorder"]],"virt_text_pos":"win_col"}],[19,127,0,{"virt_text_repeat_linebreak":true,"right_gravity":true,"virt_text_win_col":-1,"virt_text_hide":false,"priority":4096,"ns_id":3,"virt_text":[["▌","OpencodeToolBorder"]],"virt_text_pos":"win_col"}],[20,128,0,{"virt_text_repeat_linebreak":true,"right_gravity":true,"virt_text_win_col":-1,"virt_text_hide":false,"priority":4096,"ns_id":3,"virt_text":[["▌","OpencodeToolBorder"]],"virt_text_pos":"win_col"}],[21,129,0,{"virt_text_repeat_linebreak":true,"right_gravity":true,"virt_text_win_col":-1,"virt_text_hide":false,"priority":4096,"ns_id":3,"virt_text":[["▌","OpencodeToolBorder"]],"virt_text_pos":"win_col"}],[22,130,0,{"hl_eol":true,"right_gravity":true,"end_right_gravity":false,"virt_text_hide":false,"virt_text":[["+","OpencodeDiffAdd"]],"virt_text_repeat_linebreak":false,"virt_text_pos":"overlay","priority":5000,"ns_id":3,"hl_group":"OpencodeDiffAdd","end_col":0,"end_row":131}],[23,130,0,{"virt_text_repeat_linebreak":true,"right_gravity":true,"virt_text_win_col":-1,"virt_text_hide":false,"priority":4096,"ns_id":3,"virt_text":[["▌","OpencodeToolBorder"]],"virt_text_pos":"win_col"}],[24,131,0,{"hl_eol":true,"right_gravity":true,"end_right_gravity":false,"virt_text_hide":false,"virt_text":[["+","OpencodeDiffAdd"]],"virt_text_repeat_linebreak":false,"virt_text_pos":"overlay","priority":5000,"ns_id":3,"hl_group":"OpencodeDiffAdd","end_col":0,"end_row":132}],[25,131,0,{"virt_text_repeat_linebreak":true,"right_gravity":true,"virt_text_win_col":-1,"virt_text_hide":false,"priority":4096,"ns_id":3,"virt_text":[["▌","OpencodeToolBorder"]],"virt_text_pos":"win_col"}],[26,132,0,{"hl_eol":true,"right_gravity":true,"end_right_gravity":false,"virt_text_hide":false,"virt_text":[["+","OpencodeDiffAdd"]],"virt_text_repeat_linebreak":false,"virt_text_pos":"overlay","priority":5000,"ns_id":3,"hl_group":"OpencodeDiffAdd","end_col":0,"end_row":133}],[27,132,0,{"virt_text_repeat_linebreak":true,"right_gravity":true,"virt_text_win_col":-1,"virt_text_hide":false,"priority":4096,"ns_id":3,"virt_text":[["▌","OpencodeToolBorder"]],"virt_text_pos":"win_col"}],[28,133,0,{"hl_eol":true,"right_gravity":true,"end_right_gravity":false,"virt_text_hide":false,"virt_text":[["+","OpencodeDiffAdd"]],"virt_text_repeat_linebreak":false,"virt_text_pos":"overlay","priority":5000,"ns_id":3,"hl_group":"OpencodeDiffAdd","end_col":0,"end_row":134}],[29,133,0,{"virt_text_repeat_linebreak":true,"right_gravity":true,"virt_text_win_col":-1,"virt_text_hide":false,"priority":4096,"ns_id":3,"virt_text":[["▌","OpencodeToolBorder"]],"virt_text_pos":"win_col"}],[30,134,0,{"hl_eol":true,"right_gravity":true,"end_right_gravity":false,"virt_text_hide":false,"virt_text":[["+","OpencodeDiffAdd"]],"virt_text_repeat_linebreak":false,"virt_text_pos":"overlay","priority":5000,"ns_id":3,"hl_group":"OpencodeDiffAdd","end_col":0,"end_row":135}],[31,134,0,{"virt_text_repeat_linebreak":true,"right_gravity":true,"virt_text_win_col":-1,"virt_text_hide":false,"priority":4096,"ns_id":3,"virt_text":[["▌","OpencodeToolBorder"]],"virt_text_pos":"win_col"}],[32,135,0,{"hl_eol":true,"right_gravity":true,"end_right_gravity":false,"virt_text_hide":false,"virt_text":[["+","OpencodeDiffAdd"]],"virt_text_repeat_linebreak":false,"virt_text_pos":"overlay","priority":5000,"ns_id":3,"hl_group":"OpencodeDiffAdd","end_col":0,"end_row":136}],[33,135,0,{"virt_text_repeat_linebreak":true,"right_gravity":true,"virt_text_win_col":-1,"virt_text_hide":false,"priority":4096,"ns_id":3,"virt_text":[["▌","OpencodeToolBorder"]],"virt_text_pos":"win_col"}],[34,136,0,{"hl_eol":true,"right_gravity":true,"end_right_gravity":false,"virt_text_hide":false,"virt_text":[["+","OpencodeDiffAdd"]],"virt_text_repeat_linebreak":false,"virt_text_pos":"overlay","priority":5000,"ns_id":3,"hl_group":"OpencodeDiffAdd","end_col":0,"end_row":137}],[35,136,0,{"virt_text_repeat_linebreak":true,"right_gravity":true,"virt_text_win_col":-1,"virt_text_hide":false,"priority":4096,"ns_id":3,"virt_text":[["▌","OpencodeToolBorder"]],"virt_text_pos":"win_col"}],[36,137,0,{"hl_eol":true,"right_gravity":true,"end_right_gravity":false,"virt_text_hide":false,"virt_text":[["+","OpencodeDiffAdd"]],"virt_text_repeat_linebreak":false,"virt_text_pos":"overlay","priority":5000,"ns_id":3,"hl_group":"OpencodeDiffAdd","end_col":0,"end_row":138}],[37,137,0,{"virt_text_repeat_linebreak":true,"right_gravity":true,"virt_text_win_col":-1,"virt_text_hide":false,"priority":4096,"ns_id":3,"virt_text":[["▌","OpencodeToolBorder"]],"virt_text_pos":"win_col"}],[38,138,0,{"virt_text_repeat_linebreak":true,"right_gravity":true,"virt_text_win_col":-1,"virt_text_hide":false,"priority":4096,"ns_id":3,"virt_text":[["▌","OpencodeToolBorder"]],"virt_text_pos":"win_col"}],[39,139,0,{"virt_text_repeat_linebreak":true,"right_gravity":true,"virt_text_win_col":-1,"virt_text_hide":false,"priority":4096,"ns_id":3,"virt_text":[["▌","OpencodeToolBorder"]],"virt_text_pos":"win_col"}],[40,140,0,{"virt_text_repeat_linebreak":true,"right_gravity":true,"virt_text_win_col":-1,"virt_text_hide":false,"priority":4096,"ns_id":3,"virt_text":[["▌","OpencodeToolBorder"]],"virt_text_pos":"win_col"}],[41,141,0,{"virt_text_repeat_linebreak":true,"right_gravity":true,"virt_text_win_col":-1,"virt_text_hide":false,"priority":4096,"ns_id":3,"virt_text":[["▌","OpencodeToolBorder"]],"virt_text_pos":"win_col"}],[42,142,0,{"virt_text_repeat_linebreak":true,"right_gravity":true,"virt_text_win_col":-1,"virt_text_hide":false,"priority":4096,"ns_id":3,"virt_text":[["▌","OpencodeToolBorder"]],"virt_text_pos":"win_col"}],[43,143,0,{"virt_text_repeat_linebreak":true,"right_gravity":true,"virt_text_win_col":-1,"virt_text_hide":false,"priority":4096,"ns_id":3,"virt_text":[["▌","OpencodeToolBorder"]],"virt_text_pos":"win_col"}],[44,144,0,{"virt_text_repeat_linebreak":true,"right_gravity":true,"virt_text_win_col":-1,"virt_text_hide":false,"priority":4096,"ns_id":3,"virt_text":[["▌","OpencodeToolBorder"]],"virt_text_pos":"win_col"}],[45,145,0,{"virt_text_repeat_linebreak":true,"right_gravity":true,"virt_text_win_col":-1,"virt_text_hide":false,"priority":4096,"ns_id":3,"virt_text":[["▌","OpencodeToolBorder"]],"virt_text_pos":"win_col"}],[46,146,0,{"virt_text_repeat_linebreak":true,"right_gravity":true,"virt_text_win_col":-1,"virt_text_hide":false,"priority":4096,"ns_id":3,"virt_text":[["▌","OpencodeToolBorder"]],"virt_text_pos":"win_col"}],[47,147,0,{"hl_eol":true,"right_gravity":true,"end_right_gravity":false,"virt_text_hide":false,"virt_text":[["+","OpencodeDiffAdd"]],"virt_text_repeat_linebreak":false,"virt_text_pos":"overlay","priority":5000,"ns_id":3,"hl_group":"OpencodeDiffAdd","end_col":0,"end_row":148}],[48,147,0,{"virt_text_repeat_linebreak":true,"right_gravity":true,"virt_text_win_col":-1,"virt_text_hide":false,"priority":4096,"ns_id":3,"virt_text":[["▌","OpencodeToolBorder"]],"virt_text_pos":"win_col"}],[49,148,0,{"hl_eol":true,"right_gravity":true,"end_right_gravity":false,"virt_text_hide":false,"virt_text":[["+","OpencodeDiffAdd"]],"virt_text_repeat_linebreak":false,"virt_text_pos":"overlay","priority":5000,"ns_id":3,"hl_group":"OpencodeDiffAdd","end_col":0,"end_row":149}],[50,148,0,{"virt_text_repeat_linebreak":true,"right_gravity":true,"virt_text_win_col":-1,"virt_text_hide":false,"priority":4096,"ns_id":3,"virt_text":[["▌","OpencodeToolBorder"]],"virt_text_pos":"win_col"}],[51,149,0,{"hl_eol":true,"right_gravity":true,"end_right_gravity":false,"virt_text_hide":false,"virt_text":[["+","OpencodeDiffAdd"]],"virt_text_repeat_linebreak":false,"virt_text_pos":"overlay","priority":5000,"ns_id":3,"hl_group":"OpencodeDiffAdd","end_col":0,"end_row":150}],[52,149,0,{"virt_text_repeat_linebreak":true,"right_gravity":true,"virt_text_win_col":-1,"virt_text_hide":false,"priority":4096,"ns_id":3,"virt_text":[["▌","OpencodeToolBorder"]],"virt_text_pos":"win_col"}],[53,150,0,{"hl_eol":true,"right_gravity":true,"end_right_gravity":false,"virt_text_hide":false,"virt_text":[["+","OpencodeDiffAdd"]],"virt_text_repeat_linebreak":false,"virt_text_pos":"overlay","priority":5000,"ns_id":3,"hl_group":"OpencodeDiffAdd","end_col":0,"end_row":151}],[54,150,0,{"virt_text_repeat_linebreak":true,"right_gravity":true,"virt_text_win_col":-1,"virt_text_hide":false,"priority":4096,"ns_id":3,"virt_text":[["▌","OpencodeToolBorder"]],"virt_text_pos":"win_col"}],[55,151,0,{"hl_eol":true,"right_gravity":true,"end_right_gravity":false,"virt_text_hide":false,"virt_text":[["+","OpencodeDiffAdd"]],"virt_text_repeat_linebreak":false,"virt_text_pos":"overlay","priority":5000,"ns_id":3,"hl_group":"OpencodeDiffAdd","end_col":0,"end_row":152}],[56,151,0,{"virt_text_repeat_linebreak":true,"right_gravity":true,"virt_text_win_col":-1,"virt_text_hide":false,"priority":4096,"ns_id":3,"virt_text":[["▌","OpencodeToolBorder"]],"virt_text_pos":"win_col"}],[57,152,0,{"virt_text_repeat_linebreak":true,"right_gravity":true,"virt_text_win_col":-1,"virt_text_hide":false,"priority":4096,"ns_id":3,"virt_text":[["▌","OpencodeToolBorder"]],"virt_text_pos":"win_col"}],[58,153,0,{"virt_text_repeat_linebreak":true,"right_gravity":true,"virt_text_win_col":-1,"virt_text_hide":false,"priority":4096,"ns_id":3,"virt_text":[["▌","OpencodeToolBorder"]],"virt_text_pos":"win_col"}],[59,154,0,{"virt_text_repeat_linebreak":true,"right_gravity":true,"virt_text_win_col":-1,"virt_text_hide":false,"priority":4096,"ns_id":3,"virt_text":[["▌","OpencodeToolBorder"]],"virt_text_pos":"win_col"}],[60,155,0,{"virt_text_repeat_linebreak":true,"right_gravity":true,"virt_text_win_col":-1,"virt_text_hide":false,"priority":4096,"ns_id":3,"virt_text":[["▌","OpencodeToolBorder"]],"virt_text_pos":"win_col"}],[61,156,0,{"virt_text_repeat_linebreak":true,"right_gravity":true,"virt_text_win_col":-1,"virt_text_hide":false,"priority":4096,"ns_id":3,"virt_text":[["▌","OpencodeToolBorder"]],"virt_text_pos":"win_col"}],[62,157,0,{"virt_text_repeat_linebreak":true,"right_gravity":true,"virt_text_win_col":-1,"virt_text_hide":false,"priority":4096,"ns_id":3,"virt_text":[["▌","OpencodeToolBorder"]],"virt_text_pos":"win_col"}],[63,158,0,{"virt_text_repeat_linebreak":true,"right_gravity":true,"virt_text_win_col":-1,"virt_text_hide":false,"priority":4096,"ns_id":3,"virt_text":[["▌","OpencodeToolBorder"]],"virt_text_pos":"win_col"}],[64,159,0,{"virt_text_repeat_linebreak":true,"right_gravity":true,"virt_text_win_col":-1,"virt_text_hide":false,"priority":4096,"ns_id":3,"virt_text":[["▌","OpencodeToolBorder"]],"virt_text_pos":"win_col"}],[65,160,0,{"virt_text_repeat_linebreak":true,"right_gravity":true,"virt_text_win_col":-1,"virt_text_hide":false,"priority":4096,"ns_id":3,"virt_text":[["▌","OpencodeToolBorder"]],"virt_text_pos":"win_col"}],[66,161,0,{"virt_text_repeat_linebreak":true,"right_gravity":true,"virt_text_win_col":-1,"virt_text_hide":false,"priority":4096,"ns_id":3,"virt_text":[["▌","OpencodeToolBorder"]],"virt_text_pos":"win_col"}],[67,162,0,{"virt_text_repeat_linebreak":true,"right_gravity":true,"virt_text_win_col":-1,"virt_text_hide":false,"priority":4096,"ns_id":3,"virt_text":[["▌","OpencodeToolBorder"]],"virt_text_pos":"win_col"}]]}