{"timestamp":1760658431,"lines":["","----","","","only answer the following, nothing else:","","1","","[a-empty.txt](a-empty.txt)","","----","","","1",""],"actions":[],"extmarks":[[1,2,0,{"virt_text_hide":false,"right_gravity":true,"virt_text_repeat_linebreak":false,"ns_id":3,"priority":10,"virt_text":[["▌󰭻 ","OpencodeMessageRoleUser"],[" "],["USER","OpencodeMessageRoleUser"],["","OpencodeHint"],[" (2025-10-10 19:18:25)","OpencodeHint"],[" [msg_9cf8f64de0016tbfTQqWMydbdr]","OpencodeHint"]],"virt_text_win_col":-3,"virt_text_pos":"win_col"}],[2,3,0,{"virt_text_hide":false,"right_gravity":true,"virt_text_repeat_linebreak":true,"ns_id":3,"priority":4096,"virt_text":[["▌","OpencodeMessageRoleUser"]],"virt_text_win_col":-3,"virt_text_pos":"win_col"}],[3,4,0,{"virt_text_hide":false,"right_gravity":true,"virt_text_repeat_linebreak":true,"ns_id":3,"priority":4096,"virt_text":[["▌","OpencodeMessageRoleUser"]],"virt_text_win_col":-3,"virt_text_pos":"win_col"}],[4,5,0,{"virt_text_hide":false,"right_gravity":true,"virt_text_repeat_linebreak":true,"ns_id":3,"priority":4096,"virt_text":[["▌","OpencodeMessageRoleUser"]],"virt_text_win_col":-3,"virt_text_pos":"win_col"}],[5,6,0,{"virt_text_hide":false,"right_gravity":true,"virt_text_repeat_linebreak":true,"ns_id":3,"priority":4096,"virt_text":[["▌","OpencodeMessageRoleUser"]],"virt_text_win_col":-3,"virt_text_pos":"win_col"}],[6,7,0,{"virt_text_hide":false,"right_gravity":true,"virt_text_repeat_linebreak":true,"ns_id":3,"priority":4096,"virt_text":[["▌","OpencodeMessageRoleUser"]],"virt_text_win_col":-3,"virt_text_pos":"win_col"}],[7,8,0,{"virt_text_hide":false,"right_gravity":true,"virt_text_repeat_linebreak":true,"ns_id":3,"priority":4096,"virt_text":[["▌","OpencodeMessageRoleUser"]],"virt_text_win_col":-3,"virt_text_pos":"win_col"}],[8,11,0,{"virt_text_hide":false,"right_gravity":true,"virt_text_repeat_linebreak":false,"ns_id":3,"priority":10,"virt_text":[[" ","OpencodeMessageRoleAssistant"],[" "],["BUILD","OpencodeMessageRoleAssistant"],[" claude-sonnet-4","OpencodeHint"],[" (2025-10-10 19:18:25)","OpencodeHint"],[" [msg_9cf8f6549001tpoRuqkwS4Rxtl]","OpencodeHint"]],"virt_text_win_col":-3,"virt_text_pos":"win_col"}]]}